
Allocating common symbols
Common symbol       size              file

inBuff              0x4               ..\obj\UART_control.o

Discarded input sections

 .text          0x00000000        0x0 ..\obj\delay.o
 .data          0x00000000        0x0 ..\obj\delay.o
 .bss           0x00000000        0x0 ..\obj\delay.o
 .text          0x00000000        0x0 ..\obj\UART_control.o
 .data          0x00000000        0x0 ..\obj\UART_control.o
 .text.TransmitBufferErrase
                0x00000000       0x44 ..\obj\UART_control.o
 .text.RecieveBufferErrase
                0x00000000       0x18 ..\obj\UART_control.o
 .text          0x00000000        0x0 ..\obj\startup_stm32l1xx_md.o
 .data          0x00000000        0x0 ..\obj\startup_stm32l1xx_md.o
 .bss           0x00000000        0x0 ..\obj\startup_stm32l1xx_md.o
 .text          0x00000000        0x0 ..\obj\system_stm32l1xx.o
 .data          0x00000000       0x20 ..\obj\system_stm32l1xx.o
 .bss           0x00000000        0x0 ..\obj\system_stm32l1xx.o
 .text.SystemCoreClockUpdate
                0x00000000      0x154 ..\obj\system_stm32l1xx.o
 .text.SetSysClock
                0x00000000      0x120 ..\obj\system_stm32l1xx.o
 .text          0x00000000        0x0 ..\obj\main.o
 .data          0x00000000        0x0 ..\obj\main.o
 .bss           0x00000000        0x0 ..\obj\main.o
 .text          0x00000000        0x0 ..\obj\ExtInerruptControl.o
 .data          0x00000000        0x0 ..\obj\ExtInerruptControl.o
 .bss           0x00000000        0x0 ..\obj\ExtInerruptControl.o
 .text.FallPA12
                0x00000000       0x18 ..\obj\ExtInerruptControl.o

Memory Configuration

Name             Origin             Length             Attributes
rom              0x08000000         0x00010000         xr
ram              0x20000000         0x00002800         xrw
*default*        0x00000000         0xffffffff

Linker script and memory map

                0x20002800                _eram = 0x20002800

.text           0x08000000      0x7f0
 *(.isr_vector)
 .isr_vector    0x08000000       0xf4 ..\obj\startup_stm32l1xx_md.o
                0x08000000                g_pfnVectors
 *(.text*)
 .text.Delay    0x080000f4       0x24 ..\obj\delay.o
                0x080000f4                Delay
 .text.NVIC_EnableIRQ
                0x08000118       0x30 ..\obj\UART_control.o
 .text.NVIC_SetPriority
                0x08000148       0x54 ..\obj\UART_control.o
 .text.UART1_Init
                0x0800019c      0x15c ..\obj\UART_control.o
                0x0800019c                UART1_Init
 .text.USART1_IRQHandler
                0x080002f8       0x4c ..\obj\UART_control.o
                0x080002f8                USART1_IRQHandler
 .text.TransmitBufferInterruptRoutine
                0x08000344       0x54 ..\obj\UART_control.o
                0x08000344                TransmitBufferInterruptRoutine
 .text.RecieveBufferInterruptRoutine
                0x08000398       0x28 ..\obj\UART_control.o
                0x08000398                RecieveBufferInterruptRoutine
 .text.TransmitBufferStart
                0x080003c0       0xd8 ..\obj\UART_control.o
                0x080003c0                TransmitBufferStart
 .text.Default_Reset_Handler
                0x08000498       0x10 ..\obj\startup_stm32l1xx_md.o
                0x08000498                RTC_Alarm_IRQHandler
                0x08000498                EXTI2_IRQHandler
                0x08000498                TIM10_IRQHandler
                0x08000498                USB_HP_IRQHandler
                0x08000498                TIM6_IRQHandler
                0x08000498                PVD_IRQHandler
                0x08000498                EXTI3_IRQHandler
                0x08000498                EXTI0_IRQHandler
                0x08000498                I2C2_EV_IRQHandler
                0x08000498                SPI1_IRQHandler
                0x08000498                USB_FS_WKUP_IRQHandler
                0x08000498                DMA1_Channel4_IRQHandler
                0x08000498                ADC1_IRQHandler
                0x08000498                USART3_IRQHandler
                0x08000498                DMA1_Channel7_IRQHandler
                0x08000498                Reset_Handler
                0x08000498                LCD_IRQHandler
                0x08000498                TIM4_IRQHandler
                0x08000498                I2C1_EV_IRQHandler
                0x08000498                DMA1_Channel6_IRQHandler
                0x08000498                TIM3_IRQHandler
                0x08000498                RCC_IRQHandler
                0x08000498                DMA1_Channel1_IRQHandler
                0x08000498                Default_Reset_Handler
                0x08000498                TIM7_IRQHandler
                0x08000498                EXTI9_5_IRQHandler
                0x08000498                TIM9_IRQHandler
                0x08000498                TAMPER_STAMP_IRQHandler
                0x08000498                RTC_WKUP_IRQHandler
                0x08000498                SPI2_IRQHandler
                0x08000498                DMA1_Channel5_IRQHandler
                0x08000498                USB_LP_IRQHandler
                0x08000498                EXTI4_IRQHandler
                0x08000498                DMA1_Channel3_IRQHandler
                0x08000498                COMP_IRQHandler
                0x08000498                WWDG_IRQHandler
                0x08000498                TIM2_IRQHandler
                0x08000498                DAC_IRQHandler
                0x08000498                EXTI1_IRQHandler
                0x08000498                TIM11_IRQHandler
                0x08000498                USART2_IRQHandler
                0x08000498                I2C2_ER_IRQHandler
                0x08000498                DMA1_Channel2_IRQHandler
                0x08000498                FLASH_IRQHandler
                0x08000498                I2C1_ER_IRQHandler
 .text.Default_Handler
                0x080004a8        0x8 ..\obj\startup_stm32l1xx_md.o
                0x080004a8                DebugMon_Handler
                0x080004a8                HardFault_Handler
                0x080004a8                SysTick_Handler
                0x080004a8                PendSV_Handler
                0x080004a8                NMI_Handler
                0x080004a8                UsageFault_Handler
                0x080004a8                MemManage_Handler
                0x080004a8                SVC_Handler
                0x080004a8                BusFault_Handler
 .text.SystemInit
                0x080004b0       0x64 ..\obj\system_stm32l1xx.o
                0x080004b0                SystemInit
 .text.SetSysClockPal
                0x08000514       0x68 ..\obj\system_stm32l1xx.o
 .text.HsiOn    0x0800057c       0x4c ..\obj\system_stm32l1xx.o
 .text.LedInit  0x080005c8       0x6c ..\obj\main.o
                0x080005c8                LedInit
 .text.FallPA12
                0x08000634        0xc ..\obj\main.o
                0x08000634                FallPA12
 .text.main     0x08000640       0x28 ..\obj\main.o
                0x08000640                main
 .text.NVIC_EnableIRQ
                0x08000668       0x30 ..\obj\ExtInerruptControl.o
 .text.NVIC_SetPriority
                0x08000698       0x54 ..\obj\ExtInerruptControl.o
 .text.InitInerruptPA12
                0x080006ec       0x98 ..\obj\ExtInerruptControl.o
                0x080006ec                InitInerruptPA12
 .text.EXTI15_10_IRQHandler
                0x08000784       0x44 ..\obj\ExtInerruptControl.o
                0x08000784                EXTI15_10_IRQHandler
 .text.RisePA12
                0x080007c8       0x18 ..\obj\ExtInerruptControl.o
                0x080007c8                RisePA12
 *(.init)
 *(.fini)
 *crtbegin.o(.ctors)
 *crtbegin?.o(.ctors)
 *(EXCLUDE_FILE(*crtend.o *crtend?.o) .ctors)
 *(SORT(.ctors.*))
 *(.ctors)
 *crtbegin.o(.dtors)
 *crtbegin?.o(.dtors)
 *(EXCLUDE_FILE(*crtend.o *crtend?.o) .dtors)
 *(SORT(.dtors.*))
 *(.dtors)
 *(.rodata*)
 .rodata        0x080007e0       0x10 ..\obj\main.o
 *(.eh_fram e*)

.glue_7         0x080007f0        0x0
 .glue_7        0x00000000        0x0 linker stubs

.glue_7t        0x080007f0        0x0
 .glue_7t       0x00000000        0x0 linker stubs

.vfp11_veneer   0x080007f0        0x0
 .vfp11_veneer  0x00000000        0x0 linker stubs

.v4_bx          0x080007f0        0x0
 .v4_bx         0x00000000        0x0 linker stubs

.iplt           0x080007f0        0x0
 .iplt          0x00000000        0x0 ..\obj\delay.o

.rel.dyn        0x080007f0        0x0
 .rel.iplt      0x00000000        0x0 ..\obj\delay.o

.ARM.extab
 *(.ARM.extab* .gnu.linkonce.armextab.*)
                0x080007f0                __exidx_start = .

.ARM.exidx
 *(.ARM.exidx* .gnu.linkonce.armexidx.*)
                0x080007f0                __exidx_end = .
                0x080007f0                __etext = .
                0x080007f0                _sidata = __etext

.data           0x20000000        0x0 load address 0x080007f0
                0x20000000                __data_start__ = .
                0x20000000                _sdata = __data_start__
 *(vtable)
 *(.data*)
                0x20000000                . = ALIGN (0x4)
                0x20000000                PROVIDE (__preinit_array_start, .)
 *(.preinit_array)
                0x20000000                PROVIDE (__preinit_array_end, .)
                0x20000000                . = ALIGN (0x4)
                0x20000000                PROVIDE (__init_array_start, .)
 *(SORT(.init_array.*))
 *(.init_array)
                0x20000000                PROVIDE (__init_array_end, .)
                0x20000000                . = ALIGN (0x4)
                0x20000000                PROVIDE (__fini_array_start, .)
 *(SORT(.fini_array.*))
 *(.fini_array)
                0x20000000                PROVIDE (__fini_array_end, .)
 *(.jcr*)
                0x20000000                . = ALIGN (0x4)
                0x20000000                __data_end__ = .
                0x20000000                _edata = __data_end__

.igot.plt       0x20000000        0x0
 .igot.plt      0x00000000        0x0 ..\obj\delay.o

.bss            0x20000000       0x2c
                0x20000000                . = ALIGN (0x4)
                0x20000000                __bss_start__ = .
                0x20000000                _sbss = __bss_start__
 *(.bss*)
 .bss           0x20000000       0x28 ..\obj\UART_control.o
 *(COMMON)
 COMMON         0x20000028        0x4 ..\obj\UART_control.o
                0x20000028                inBuff
                0x2000002c                . = ALIGN (0x4)
                0x2000002c                __bss_end__ = .
                0x2000002c                _ebss = __bss_end__

.heap           0x2000002c        0x0
                0x2000002c                __end__ = .
                0x2000002c                _end = __end__
                0x2000002c                end = __end__
 *(.heap*)
                0x2000002c                __HeapLimit = .

.co_stack       0x2000002c      0x404
                0x20000030                . = ALIGN (0x8)
 *fill*         0x2000002c        0x4 
 *(.co_stack .co_stack.*)
 .co_stack      0x20000030      0x400 ..\obj\startup_stm32l1xx_md.o
                0x20000030                pulStack
                0x20002800                __StackTop = (ORIGIN (ram) + 0x2800)
                0x200023fc                __StackLimit = (__StackTop - SIZEOF (.co_stack))
                0x20002800                PROVIDE (__stack, __StackTop)
                0x00000001                ASSERT ((__StackLimit >= __HeapLimit), region ram  overflowed with stack)
LOAD ..\obj\delay.o
LOAD ..\obj\UART_control.o
LOAD ..\obj\startup_stm32l1xx_md.o
LOAD ..\obj\system_stm32l1xx.o
LOAD ..\obj\main.o
LOAD ..\obj\ExtInerruptControl.o
START GROUP
LOAD c:/program files (x86)/gnu tools arm embedded/4.8 2013q4/bin/../lib/gcc/arm-none-eabi/4.8.3/armv7-m\libgcc.a
LOAD c:/program files (x86)/gnu tools arm embedded/4.8 2013q4/bin/../lib/gcc/arm-none-eabi/4.8.3/../../../../arm-none-eabi/lib/armv7-m\libg.a
LOAD c:/program files (x86)/gnu tools arm embedded/4.8 2013q4/bin/../lib/gcc/arm-none-eabi/4.8.3/../../../../arm-none-eabi/lib/armv7-m\libc.a
END GROUP
OUTPUT(LAB_2_L151.elf elf32-littlearm)

.debug_info     0x00000000     0x1a6e
 .debug_info    0x00000000       0xd0 ..\obj\delay.o
 .debug_info    0x000000d0      0x929 ..\obj\UART_control.o
 .debug_info    0x000009f9       0xc2 ..\obj\startup_stm32l1xx_md.o
 .debug_info    0x00000abb      0x558 ..\obj\system_stm32l1xx.o
 .debug_info    0x00001013      0x29b ..\obj\main.o
 .debug_info    0x000012ae      0x7c0 ..\obj\ExtInerruptControl.o

.debug_abbrev   0x00000000      0x64b
 .debug_abbrev  0x00000000       0x94 ..\obj\delay.o
 .debug_abbrev  0x00000094      0x1cd ..\obj\UART_control.o
 .debug_abbrev  0x00000261       0x94 ..\obj\startup_stm32l1xx_md.o
 .debug_abbrev  0x000002f5      0x14c ..\obj\system_stm32l1xx.o
 .debug_abbrev  0x00000441       0xc9 ..\obj\main.o
 .debug_abbrev  0x0000050a      0x141 ..\obj\ExtInerruptControl.o

.debug_aranges  0x00000000      0x160
 .debug_aranges
                0x00000000       0x20 ..\obj\delay.o
 .debug_aranges
                0x00000020       0x60 ..\obj\UART_control.o
 .debug_aranges
                0x00000080       0x28 ..\obj\startup_stm32l1xx_md.o
 .debug_aranges
                0x000000a8       0x40 ..\obj\system_stm32l1xx.o
 .debug_aranges
                0x000000e8       0x30 ..\obj\main.o
 .debug_aranges
                0x00000118       0x48 ..\obj\ExtInerruptControl.o

.debug_ranges   0x00000000      0x100
 .debug_ranges  0x00000000       0x10 ..\obj\delay.o
 .debug_ranges  0x00000010       0x50 ..\obj\UART_control.o
 .debug_ranges  0x00000060       0x18 ..\obj\startup_stm32l1xx_md.o
 .debug_ranges  0x00000078       0x30 ..\obj\system_stm32l1xx.o
 .debug_ranges  0x000000a8       0x20 ..\obj\main.o
 .debug_ranges  0x000000c8       0x38 ..\obj\ExtInerruptControl.o

.debug_line     0x00000000      0x9b2
 .debug_line    0x00000000      0x13b ..\obj\delay.o
 .debug_line    0x0000013b      0x274 ..\obj\UART_control.o
 .debug_line    0x000003af       0xa8 ..\obj\startup_stm32l1xx_md.o
 .debug_line    0x00000457      0x1eb ..\obj\system_stm32l1xx.o
 .debug_line    0x00000642      0x192 ..\obj\main.o
 .debug_line    0x000007d4      0x1de ..\obj\ExtInerruptControl.o

.debug_str      0x00000000      0x9fe
 .debug_str     0x00000000      0x133 ..\obj\delay.o
                                0x16f (size before relaxing)
 .debug_str     0x00000133      0x5ca ..\obj\UART_control.o
                                0x6f6 (size before relaxing)
 .debug_str     0x000006fd       0xa9 ..\obj\startup_stm32l1xx_md.o
                                0x140 (size before relaxing)
 .debug_str     0x000007a6      0x155 ..\obj\system_stm32l1xx.o
                                0x358 (size before relaxing)
 .debug_str     0x000008fb       0x51 ..\obj\main.o
                                0x247 (size before relaxing)
 .debug_str     0x0000094c       0xb2 ..\obj\ExtInerruptControl.o
                                0x641 (size before relaxing)

.comment        0x00000000       0x70
 .comment       0x00000000       0x70 ..\obj\delay.o
                                 0x71 (size before relaxing)
 .comment       0x00000000       0x71 ..\obj\UART_control.o
 .comment       0x00000000       0x71 ..\obj\startup_stm32l1xx_md.o
 .comment       0x00000000       0x71 ..\obj\system_stm32l1xx.o
 .comment       0x00000000       0x71 ..\obj\main.o
 .comment       0x00000000       0x71 ..\obj\ExtInerruptControl.o

.ARM.attributes
                0x00000000       0x33
 .ARM.attributes
                0x00000000       0x33 ..\obj\delay.o
 .ARM.attributes
                0x00000033       0x33 ..\obj\UART_control.o
 .ARM.attributes
                0x00000066       0x33 ..\obj\startup_stm32l1xx_md.o
 .ARM.attributes
                0x00000099       0x33 ..\obj\system_stm32l1xx.o
 .ARM.attributes
                0x000000cc       0x33 ..\obj\main.o
 .ARM.attributes
                0x000000ff       0x33 ..\obj\ExtInerruptControl.o

.debug_frame    0x00000000      0x328
 .debug_frame   0x00000000       0x2c ..\obj\delay.o
 .debug_frame   0x0000002c      0x110 ..\obj\UART_control.o
 .debug_frame   0x0000013c       0x44 ..\obj\startup_stm32l1xx_md.o
 .debug_frame   0x00000180       0x9c ..\obj\system_stm32l1xx.o
 .debug_frame   0x0000021c       0x5c ..\obj\main.o
 .debug_frame   0x00000278       0xb0 ..\obj\ExtInerruptControl.o
