
Allocating common symbols
Common symbol       size              file

inBuff              0x4               ..\obj\UART_control.o
min                 0x1               ..\obj\main.o
sec                 0x1               ..\obj\main.o

Discarded input sections

 .text          0x00000000       0x14 ..\obj\startup_stm32f30x.o
 .data          0x00000000        0x0 ..\obj\startup_stm32f30x.o
 .bss           0x00000000        0x0 ..\obj\startup_stm32f30x.o
 .bss           0x00000000        0x0 ..\obj\system_stm32f30x_temp.o
 .data          0x00000000        0x0 ..\obj\led_blink.o
 .bss           0x00000000        0x0 ..\obj\led_blink.o
 .text          0x00000000       0x24 ..\obj\delay.o
 .data          0x00000000        0x0 ..\obj\delay.o
 .bss           0x00000000        0x0 ..\obj\delay.o
 .debug_info    0x00000000       0xe6 ..\obj\delay.o
 .debug_abbrev  0x00000000       0x94 ..\obj\delay.o
 .debug_aranges
                0x00000000       0x20 ..\obj\delay.o
 .debug_line    0x00000000      0x12c ..\obj\delay.o
 .debug_str     0x00000000      0x159 ..\obj\delay.o
 .comment       0x00000000       0x71 ..\obj\delay.o
 .debug_frame   0x00000000       0x38 ..\obj\delay.o
 .ARM.attributes
                0x00000000       0x33 ..\obj\delay.o
 .bss           0x00000000        0x0 ..\obj\main.o
 .data          0x00000000        0x0 ..\obj\UART_control.o

Memory Configuration

Name             Origin             Length             Attributes
rom              0x08000000         0x00040000         xr
ram              0x20000000         0x0000a000         xrw
ram1             0x10000000         0x00002000         xrw
*default*        0x00000000         0xffffffff

Linker script and memory map

                0x2000a000                _eram = 0x2000a000

.text           0x08000000      0xc3c
 *(.isr_vector)
 .isr_vector    0x08000000      0x188 ..\obj\startup_stm32f30x.o
                0x08000000                g_pfnVectors
 *(.text*)
 .text.Reset_Handler
                0x08000188       0x44 ..\obj\startup_stm32f30x.o
                0x08000188                Reset_Handler
 .text.Default_Handler
                0x080001cc        0x2 ..\obj\startup_stm32f30x.o
                0x080001cc                RTC_Alarm_IRQHandler
                0x080001cc                TIM8_TRG_COM_IRQHandler
                0x080001cc                TIM8_CC_IRQHandler
                0x080001cc                DebugMon_Handler
                0x080001cc                TIM1_CC_IRQHandler
                0x080001cc                HardFault_Handler
                0x080001cc                USB_HP_IRQHandler
                0x080001cc                SysTick_Handler
                0x080001cc                PVD_IRQHandler
                0x080001cc                PendSV_Handler
                0x080001cc                NMI_Handler
                0x080001cc                EXTI3_IRQHandler
                0x080001cc                EXTI0_IRQHandler
                0x080001cc                I2C2_EV_IRQHandler
                0x080001cc                FPU_IRQHandler
                0x080001cc                EXTI2_TS_IRQHandler
                0x080001cc                TIM1_UP_TIM16_IRQHandler
                0x080001cc                UsageFault_Handler
                0x080001cc                ADC1_2_IRQHandler
                0x080001cc                SPI1_IRQHandler
                0x080001cc                TIM6_DAC_IRQHandler
                0x080001cc                TIM8_UP_IRQHandler
                0x080001cc                DMA2_Channel2_IRQHandler
                0x080001cc                DMA1_Channel4_IRQHandler
                0x080001cc                USART3_IRQHandler
                0x080001cc                DMA1_Channel7_IRQHandler
                0x080001cc                CAN1_RX1_IRQHandler
                0x080001cc                UART5_IRQHandler
                0x080001cc                ADC3_IRQHandler
                0x080001cc                TIM4_IRQHandler
                0x080001cc                DMA2_Channel1_IRQHandler
                0x080001cc                I2C1_EV_IRQHandler
                0x080001cc                DMA1_Channel6_IRQHandler
                0x080001cc                UART4_IRQHandler
                0x080001cc                DMA2_Channel4_IRQHandler
                0x080001cc                TIM3_IRQHandler
                0x080001cc                RCC_IRQHandler
                0x080001cc                DMA1_Channel1_IRQHandler
                0x080001cc                Default_Handler
                0x080001cc                USBWakeUp_RMP_IRQHandler
                0x080001cc                EXTI15_10_IRQHandler
                0x080001cc                EXTI9_5_IRQHandler
                0x080001cc                TAMPER_STAMP_IRQHandler
                0x080001cc                RTC_WKUP_IRQHandler
                0x080001cc                SPI2_IRQHandler
                0x080001cc                MemManage_Handler
                0x080001cc                SVC_Handler
                0x080001cc                DMA2_Channel5_IRQHandler
                0x080001cc                DMA1_Channel5_IRQHandler
                0x080001cc                USB_LP_IRQHandler
                0x080001cc                EXTI4_IRQHandler
                0x080001cc                USB_LP_CAN1_RX0_IRQHandler
                0x080001cc                TIM1_TRG_COM_TIM17_IRQHandler
                0x080001cc                USB_HP_CAN1_TX_IRQHandler
                0x080001cc                DMA1_Channel3_IRQHandler
                0x080001cc                ADC4_IRQHandler
                0x080001cc                WWDG_IRQHandler
                0x080001cc                TIM2_IRQHandler
                0x080001cc                COMP7_IRQHandler
                0x080001cc                COMP1_2_3_IRQHandler
                0x080001cc                EXTI1_IRQHandler
                0x080001cc                USART2_IRQHandler
                0x080001cc                COMP4_5_6_IRQHandler
                0x080001cc                I2C2_ER_IRQHandler
                0x080001cc                DMA1_Channel2_IRQHandler
                0x080001cc                TIM8_BRK_IRQHandler
                0x080001cc                CAN1_SCE_IRQHandler
                0x080001cc                FLASH_IRQHandler
                0x080001cc                BusFault_Handler
                0x080001cc                SPI3_IRQHandler
                0x080001cc                I2C1_ER_IRQHandler
                0x080001cc                USBWakeUp_IRQHandler
                0x080001cc                DMA2_Channel3_IRQHandler
                0x080001cc                TIM1_BRK_TIM15_IRQHandler
 *fill*         0x080001ce        0x2 
 .text          0x080001d0      0x234 ..\obj\system_stm32f30x_temp.o
                0x080001d0                SystemInit1
                0x080001d0                SystemInit
                0x08000250                SystemCoreClockUpdate
                0x08000250                SystemCoreClockUpdate1
                0x08000324                SetSysClock
 .text          0x08000404      0x260 ..\obj\led_blink.o
                0x08000404                ledInit
                0x08000504                RedLedOn
                0x0800051c                BlueLedOn
                0x08000534                YellowLedOn
                0x0800054c                WhiteLedOn
                0x08000564                GreenHighLedOn
                0x0800057c                GreenLowLedOn
                0x08000594                RedLedOff
                0x080005ac                BlueLedOff
                0x080005c4                YellowLedOff
                0x080005dc                WhiteLedOff
                0x080005f4                GreenHighLedOff
                0x0800060c                GreenLowLedOff
                0x08000624                GreenHighLedChangeState
                0x08000644                RedLedChangeState
 .text          0x08000664      0x1e0 ..\obj\main.o
                0x080006e8                TIM7_IRQHandler
                0x080007c4                main
 .text          0x08000844      0x3f8 ..\obj\UART_control.o
                0x080008c8                UART1_Init
                0x08000a44                USART1_IRQHandler
                0x08000a90                TransmitBufferInterruptRoutine
                0x08000ae0                RecieveBufferInterruptRoutine
                0x08000b08                TransmitBufferStart
                0x08000be0                TransmitBufferErrase
                0x08000c24                RecieveBufferErrase
 *(.init)
 *(.fini)
 *crtbegin.o(.ctors)
 *crtbegin?.o(.ctors)
 *(EXCLUDE_FILE(*crtend.o *crtend?.o) .ctors)
 *(SORT(.ctors.*))
 *(.ctors)
 *crtbegin.o(.dtors)
 *crtbegin?.o(.dtors)
 *(EXCLUDE_FILE(*crtend.o *crtend?.o) .dtors)
 *(SORT(.dtors.*))
 *(.dtors)
 *(.rodata*)
 *(.eh_fram e*)

.glue_7         0x08000c3c        0x0
 .glue_7        0x00000000        0x0 linker stubs

.glue_7t        0x08000c3c        0x0
 .glue_7t       0x00000000        0x0 linker stubs

.vfp11_veneer   0x08000c3c        0x0
 .vfp11_veneer  0x00000000        0x0 linker stubs

.v4_bx          0x08000c3c        0x0
 .v4_bx         0x00000000        0x0 linker stubs

.iplt           0x08000c3c        0x0
 .iplt          0x00000000        0x0 ..\obj\startup_stm32f30x.o

.rel.dyn        0x08000c3c        0x0
 .rel.iplt      0x00000000        0x0 ..\obj\startup_stm32f30x.o

.ARM.extab
 *(.ARM.extab* .gnu.linkonce.armextab.*)
                0x08000c3c                __exidx_start = .

.ARM.exidx
 *(.ARM.exidx* .gnu.linkonce.armexidx.*)
                0x08000c3c                __exidx_end = .
                0x08000c3c                __etext = .
                0x08000c3c                _sidata = __etext

.data           0x20000000       0x20 load address 0x08000c3c
                0x20000000                __data_start__ = .
                0x20000000                _sdata = __data_start__
 *(vtable)
 *(.data*)
 .data          0x20000000       0x14 ..\obj\system_stm32f30x_temp.o
                0x20000000                SystemCoreClock
                0x20000004                AHBPrescTable
 .data          0x20000014        0xc ..\obj\main.o
                0x20000014                stringPointer
                0x20000020                . = ALIGN (0x4)
                0x20000020                PROVIDE (__preinit_array_start, .)
 *(.preinit_array)
                0x20000020                PROVIDE (__preinit_array_end, .)
                0x20000020                . = ALIGN (0x4)
                0x20000020                PROVIDE (__init_array_start, .)
 *(SORT(.init_array.*))
 *(.init_array)
                0x20000020                PROVIDE (__init_array_end, .)
                0x20000020                . = ALIGN (0x4)
                0x20000020                PROVIDE (__fini_array_start, .)
 *(SORT(.fini_array.*))
 *(.fini_array)
                0x20000020                PROVIDE (__fini_array_end, .)
 *(.jcr*)
                0x20000020                . = ALIGN (0x4)
                0x20000020                __data_end__ = .
                0x20000020                _edata = __data_end__

.igot.plt       0x20000020        0x0 load address 0x08000c5c
 .igot.plt      0x00000000        0x0 ..\obj\startup_stm32f30x.o

.bss            0x20000020       0x30 load address 0x08000c5c
                0x20000020                . = ALIGN (0x4)
                0x20000020                __bss_start__ = .
                0x20000020                _sbss = __bss_start__
 *(.bss*)
 .bss           0x20000020       0x28 ..\obj\UART_control.o
 *(COMMON)
 COMMON         0x20000048        0x2 ..\obj\main.o
                0x20000048                min
                0x20000049                sec
 *fill*         0x2000004a        0x2 
 COMMON         0x2000004c        0x4 ..\obj\UART_control.o
                0x2000004c                inBuff
                0x20000050                . = ALIGN (0x4)
                0x20000050                __bss_end__ = .
                0x20000050                _ebss = __bss_end__

.heap           0x20000050        0x0
                0x20000050                __end__ = .
                0x20000050                _end = __end__
                0x20000050                end = __end__
 *(.heap*)
                0x20000050                __HeapLimit = .

.co_stack       0x20000050        0x0
                0x20000050                . = ALIGN (0x8)
 *(.co_stack .co_stack.*)
                0x2000a000                __StackTop = (ORIGIN (ram) + 0xa000)
                0x2000a000                __StackLimit = (__StackTop - SIZEOF (.co_stack))
                0x2000a000                PROVIDE (__stack, __StackTop)
                0x00000001                ASSERT ((__StackLimit >= __HeapLimit), region ram  overflowed with stack)
LOAD ..\obj\startup_stm32f30x.o
LOAD ..\obj\system_stm32f30x_temp.o
LOAD ..\obj\led_blink.o
LOAD ..\obj\delay.o
LOAD ..\obj\main.o
LOAD ..\obj\UART_control.o
START GROUP
LOAD h:/coide_v2beta/gcc/bin/../lib/gcc/arm-none-eabi/4.9.3/armv7e-m\libgcc.a
LOAD h:/coide_v2beta/gcc/bin/../lib/gcc/arm-none-eabi/4.9.3/../../../../arm-none-eabi/lib/armv7e-m\libg.a
LOAD h:/coide_v2beta/gcc/bin/../lib/gcc/arm-none-eabi/4.9.3/../../../../arm-none-eabi/lib/armv7e-m\libc.a
END GROUP
OUTPUT(Lab_1_inst_0.elf elf32-littlearm)

.ARM.attributes
                0x00000000       0x2f
 .ARM.attributes
                0x00000000       0x21 ..\obj\startup_stm32f30x.o
 .ARM.attributes
                0x00000021       0x33 ..\obj\system_stm32f30x_temp.o
 .ARM.attributes
                0x00000054       0x33 ..\obj\led_blink.o
 .ARM.attributes
                0x00000087       0x33 ..\obj\main.o
 .ARM.attributes
                0x000000ba       0x33 ..\obj\UART_control.o

.comment        0x00000000       0x70
 .comment       0x00000000       0x70 ..\obj\system_stm32f30x_temp.o
                                 0x71 (size before relaxing)
 .comment       0x00000000       0x71 ..\obj\led_blink.o
 .comment       0x00000000       0x71 ..\obj\main.o
 .comment       0x00000000       0x71 ..\obj\UART_control.o

.debug_line     0x00000000      0x6e5
 .debug_line    0x00000000       0x9e ..\obj\startup_stm32f30x.o
 .debug_line    0x0000009e      0x186 ..\obj\system_stm32f30x_temp.o
 .debug_line    0x00000224      0x174 ..\obj\led_blink.o
 .debug_line    0x00000398      0x172 ..\obj\main.o
 .debug_line    0x0000050a      0x1db ..\obj\UART_control.o

.debug_info     0x00000000     0x1b09
 .debug_info    0x00000000       0x9a ..\obj\startup_stm32f30x.o
 .debug_info    0x0000009a      0x498 ..\obj\system_stm32f30x_temp.o
 .debug_info    0x00000532      0x36a ..\obj\led_blink.o
 .debug_info    0x0000089c      0x892 ..\obj\main.o
 .debug_info    0x0000112e      0x9db ..\obj\UART_control.o

.debug_abbrev   0x00000000      0x538
 .debug_abbrev  0x00000000       0x12 ..\obj\startup_stm32f30x.o
 .debug_abbrev  0x00000012      0x145 ..\obj\system_stm32f30x_temp.o
 .debug_abbrev  0x00000157       0xaf ..\obj\led_blink.o
 .debug_abbrev  0x00000206      0x165 ..\obj\main.o
 .debug_abbrev  0x0000036b      0x1cd ..\obj\UART_control.o

.debug_aranges  0x00000000       0xa8
 .debug_aranges
                0x00000000       0x28 ..\obj\startup_stm32f30x.o
 .debug_aranges
                0x00000028       0x20 ..\obj\system_stm32f30x_temp.o
 .debug_aranges
                0x00000048       0x20 ..\obj\led_blink.o
 .debug_aranges
                0x00000068       0x20 ..\obj\main.o
 .debug_aranges
                0x00000088       0x20 ..\obj\UART_control.o

.debug_ranges   0x00000000       0x20
 .debug_ranges  0x00000000       0x20 ..\obj\startup_stm32f30x.o

.debug_str      0x00000000      0xa91
 .debug_str     0x00000000      0x29a ..\obj\system_stm32f30x_temp.o
                                0x2f5 (size before relaxing)
 .debug_str     0x0000029a      0x13e ..\obj\led_blink.o
                                0x2d8 (size before relaxing)
 .debug_str     0x000003d8      0x566 ..\obj\main.o
                                0x77f (size before relaxing)
 .debug_str     0x0000093e      0x153 ..\obj\UART_control.o
                                0x848 (size before relaxing)

.debug_frame    0x00000000      0x460
 .debug_frame   0x00000000       0x7c ..\obj\system_stm32f30x_temp.o
 .debug_frame   0x0000007c      0x1f0 ..\obj\led_blink.o
 .debug_frame   0x0000026c       0x98 ..\obj\main.o
 .debug_frame   0x00000304      0x15c ..\obj\UART_control.o
